// Jest Snapshot v1, https://goo.gl/fbAQLP

exports[`Sidebar component Should match the snapshot 1`] = `
<aside
  className="menu"
>
  <p
    className="menu-label"
  >
    Sidebar
  </p>
  <Navigation
    activeIndex={undefined}
    changeIndex={undefined}
    menuItems={undefined}
  />
</aside>
`;
