// Jest Snapshot v1, https://goo.gl/fbAQLP

exports[`Navigation component Should match the snapshot 1`] = `
<nav
  className="navbar-menu"
>
  <div
    className="navbar-end"
  >
    <Link
      isActive={true}
      onClick={[Function]}
    >
      Tabs
    </Link>
    <Link
      isActive={false}
      onClick={[Function]}
    >
      Accordion
    </Link>
    <Link
      isActive={false}
      onClick={[Function]}
    >
      MyIp
    </Link>
    <Link
      isActive={false}
      onClick={[Function]}
    >
      Menu 4
    </Link>
  </div>
</nav>
`;
